// Jest Snapshot v1, https://goo.gl/fbAQLP

exports[`ui/Button Snap Shot 1`] = `
<button
  className="hover:opacity-60 bg-custom-white undefined"
/>
`;
