// Jest Snapshot v1, https://goo.gl/fbAQLP

exports[`ui/ContentArea Snap Shot 1`] = `
<article
  className="prose max-w-none rounded bg-white p-8 lg:prose-base"
  id="test"
>
  <h1>
    test
  </h1>
</article>
`;
