// Jest Snapshot v1, https://goo.gl/fbAQLP

exports[`domain/article/ArticleBreadcrumbs Snap Shot 1`] = `
<ul
  className="flex list-none flex-row gap-2 p-0 text-sm"
>
  <li
    className="m-0 p-0"
  >
    <a
      className="text-custom-primary underline hover:opacity-60"
      href="/"
      onClick={[Function]}
      onMouseEnter={[Function]}
      onTouchStart={[Function]}
    >
      test
    </a>
  </li>
  <li
    className="m-0 p-0 text-custom-black"
  >
    <span>
      ï¼ž
    </span>
  </li>
  <li
    className="m-0 p-0 text-custom-black"
  >
    test
  </li>
</ul>
`;
