// Jest Snapshot v1, https://goo.gl/fbAQLP

exports[`ui/Hoge Snap Shot 1`] = `
<div>
  hoge
</div>
`;
